[1m[31m[31mX [41;31m[[41;97mERROR[41;31m][0m [1mTS2554: Expected 1 arguments, but got 0.[0m [1m[35m[plugin angular-compiler][0m

    src/app/pages/bookings/bookings.component.html:27:71:
[37m      27 │ ...ookingForm" class="panel form-panel" (ngSubmit)="[32mcreateBooking[37m()">
         ╵                                                     [32m~~~~~~~~~~~~~[0m

  Error occurs in the template of component BookingsComponent.

    src/app/pages/bookings/bookings.component.ts:28:15:
[37m      28 │   templateUrl: [32m'./bookings.component.html'[37m,
         ╵                [32m~~~~~~~~~~~~~~~~~~~~~~~~~~~[0m

[39m[22m
[1m[31m[31mX [41;31m[[41;97mERROR[41;31m][0m [1mTS2554: Expected 1 arguments, but got 0.[0m [1m[35m[plugin angular-compiler][0m

    src/app/pages/users/users.component.html:27:64:
[37m      27 │ ...*ngIf="showForm" class="panel form-panel" (ngSubmit)="[32msaveUser[37m()">
         ╵                                                          [32m~~~~~~~~[0m

  Error occurs in the template of component UsersComponent.

    src/app/pages/users/users.component.ts:12:15:
[37m      12 │   templateUrl: [32m'./users.component.html'[37m,
         ╵                [32m~~~~~~~~~~~~~~~~~~~~~~~~[0m

[39m[22m
[1m[33m[33m▲ [43;33m[[43;30mWARNING[43;33m][0m [1mNG8107: NG8107: The left side of this optional chain operation does not include 'null' or 'undefined' in its type, therefore the '?.' operator can be replaced with the '.' operator. Find more at https://v21.angular.dev/extended-diagnostics/NG8107[0m [1m[35m[plugin angular-compiler][0m

    src/app/pages/payments/payments.component.html:47:34:
[37m      47 │ ...      <td>{{ invoice.guest?.[32mfullName[37m || 'Guest unavailable' }}<...
         ╵                                [32m~~~~~~~~[0m

  Warning occurs in the template of component PaymentsComponent.

    src/app/pages/payments/payments.component.ts:11:15:
[37m      11 │   templateUrl: [32m'./payments.component.html'[37m,
         ╵                [32m~~~~~~~~~~~~~~~~~~~~~~~~~~~[0m

[39m[22m
